CPU_SET_HEX_STR_SIZE: 257, Size of mstr: 257
cpu-bind=MASK - gpu1019, task  0  0 [326778]: mask |--------|BBBBBBBB|--------|--------|--------|--------|--------|--------|--------|BBBBBBBB|--------|--------||||--------|--------|--------|--------|--------|--------|--------|--------|--------|--------|--------|--------| set
LOADED_8x8 302540 T -28.37107876288694
PROG 1 beta 0.023064394756618936 tau 0.023064394756618936 E -31.585718169072393 uniq 127 rc 0 local 127 neval 18481 sec 2.298682451248169
PROG 5 beta 0.0898129209727347 tau 0.015459958373925787 E -31.57619103519582 uniq 127 rc 0 local 374 neval 52868 sec 7.28175687789917
PROG 10 beta 0.1696265633737048 tau 0.01754019630467014 E -31.671569750604153 uniq 128 rc 0 local 633 neval 88879 sec 13.053621292114258
PROG 15 beta 0.2427611928265721 tau 0.012580392332576544 E -31.647707092593233 uniq 128 rc 0 local 886 neval 123886 sec 18.955264568328857
PROG 20 beta 0.33636976465520824 tau 0.02192360761152818 E -31.65280281587938 uniq 128 rc 0 local 1164 neval 162486 sec 25.04164743423462
PROG 25 beta 0.4380195636482028 tau 0.015878576074753147 E -31.912920796899158 uniq 128 rc 0 local 1581 neval 220323 sec 32.25703978538513
PROG 30 beta 0.5259608249720319 tau 0.018751720925674325 E -31.806691512660635 uniq 128 rc 0 local 1896 neval 263991 sec 38.23192119598389
PROG 35 beta 0.6299995486200897 tau 0.020389952227278345 E -31.734399166834137 uniq 128 rc 0 local 2235 neval 310874 sec 44.42477893829346
PROG 40 beta 0.7237607525531673 tau 0.020349915877814886 E -31.696171092681013 uniq 128 rc 0 local 2534 neval 352308 sec 49.06557631492615
PROG 45 beta 0.8323512885028175 tau 0.022406213673968473 E -31.719378975950896 uniq 128 rc 0 local 2884 neval 400762 sec 55.479379653930664
PROG 50 beta 0.9237687697067032 tau 0.016389743931771936 E -31.69077972519071 uniq 128 rc 0 local 3188 neval 442841 sec 61.447866439819336
PROG 55 beta 1.009602461009291 tau 0.022518339537747713 E -31.642967911440678 uniq 128 rc 0 local 3459 neval 480417 sec 67.55198216438293
PROG 60 beta 1.1024649845833456 tau 0.016962011143206623 E -31.65163290995324 uniq 124 rc 0 local 3770 neval 523521 sec 74.29622554779053
PROG 65 beta 1.1929462778536213 tau 0.01795023760205204 E -31.55248269599055 uniq 128 rc 0 local 4077 neval 565989 sec 80.52339673042297
RESULT Emean -31.703826476888693 tail -31.66505558684328 naiveSE 0.011386006563604225 nE 43 mixed 5504 unique 2739 neval 572872 sec 81.73374962806702
MARSHALL_REP 128 (11501, -31.703826476888693, -31.66505558684328, 43, 5504, 2739)
PROG 1 beta 0.015065244267679056 tau 0.015065244267679056 E -31.608441161864715 uniq 126 rc 0 local 4245 neval 590005 sec 1.2017796039581299
PROG 5 beta 0.09769623586997761 tau 0.021046960664273365 E -31.716295582473123 uniq 128 rc 0 local 4504 neval 625911 sec 6.608344078063965
PROG 10 beta 0.20164858274955347 tau 0.019519358633988106 E -31.567688591736747 uniq 128 rc 0 local 4839 neval 672087 sec 12.753340244293213
PROG 15 beta 0.29326343641903746 tau 0.020433071928299604 E -31.666178633441643 uniq 128 rc 0 local 5125 neval 711492 sec 18.710394144058228
PROG 20 beta 0.3745850388847944 tau 0.01762163361712248 E -31.50617097793888 uniq 128 rc 0 local 5419 neval 752106 sec 24.967173099517822
PROG 25 beta 0.46210764661945314 tau 0.01784598731726682 E -31.58146443884528 uniq 128 rc 0 local 5746 neval 797260 sec 31.005951404571533
PROG 30 beta 0.5486880708140481 tau 0.021066180125027034 E -31.65685244770423 uniq 128 rc 0 local 6035 neval 837063 sec 37.050440549850464
PROG 35 beta 0.6479451349170701 tau 0.019557511495586724 E -31.640694179720008 uniq 127 rc 0 local 6361 neval 881985 sec 43.11175036430359
PROG 40 beta 0.7378949269501092 tau 0.01716485796376743 E -31.714268838981177 uniq 128 rc 0 local 6673 neval 925104 sec 49.73159074783325
PROG 45 beta 0.8311081727665335 tau 0.021441627506775376 E -31.541022534871324 uniq 128 rc 0 local 6990 neval 969045 sec 55.74670195579529
PROG 50 beta 0.9282819235930625 tau 0.02106938282067619 E -31.669869531313562 uniq 128 rc 0 local 7305 neval 1012634 sec 61.89484667778015
PROG 55 beta 1.0246389291489337 tau 0.01933743630318416 E -31.67313101955711 uniq 127 rc 0 local 7617 neval 1055846 sec 68.04285144805908
PROG 60 beta 1.1050740437168447 tau 0.01927690990804446 E -31.609043101337434 uniq 125 rc 0 local 7878 neval 1092000 sec 74.69598388671875
PROG 65 beta 1.2013484142141084 tau 0.02278656634992303 E -31.67651978288053 uniq 128 rc 0 local 8190 neval 1135401 sec 80.72741794586182
RESULT Emean -31.651127258473807 tail -31.721818006393057 naiveSE 0.011672379715070041 nE 44 mixed 5632 unique 2744 neval 1135401 sec 80.72783613204956
MARSHALL_REP 128 (11502, -31.651127258473807, -31.721818006393057, 44, 5632, 2744)
MARSHALL_SUMMARY 128 Emeans [-31.703826476888693, -31.651127258473807] Ediff -0.05269921841488667
