LOADED 6 154980 T -14.985799779143964 backend cpu
FN_SETUP L 6 guide vit M 128 seeds [13601, 13602] beta 1.2 burn 0.4 phi -0.9173504287751786
PROG 1 beta 0.018823770640103713 tau 0.018823770640103713 E -18.119453528156644 uniq 128 rc 0 local 128 neval 10573 sec 2.187537670135498
PROG 5 beta 0.11116990313343729 tau 0.022049172184609472 E -18.16489229870838 uniq 128 rc 0 local 284 neval 22413 sec 5.343847990036011
PROG 10 beta 0.23286657168540004 tau 0.025 E -18.121843524980378 uniq 128 rc 0 local 506 neval 39064 sec 9.42684030532837
PROG 15 beta 0.3375921200620635 tau 0.025 E -18.14404510449028 uniq 128 rc 0 local 691 neval 52889 sec 13.171781063079834
PROG 20 beta 0.4625921200620636 tau 0.025 E -18.12552160157191 uniq 128 rc 0 local 987 neval 75025 sec 17.821913719177246
PROG 25 beta 0.5875921200620637 tau 0.025 E -18.09052647787808 uniq 128 rc 0 local 1231 neval 93207 sec 21.964855670928955
PROG 30 beta 0.7125921200620638 tau 0.025 E -18.140727199716487 uniq 128 rc 0 local 1455 neval 110059 sec 26.157561540603638
PROG 35 beta 0.830958308730591 tau 0.021683555067656828 E -18.133913364153806 uniq 128 rc 0 local 1663 neval 125672 sec 30.17809534072876
PROG 40 beta 0.9410270735093763 tau 0.025 E -18.130384252476752 uniq 128 rc 0 local 1859 neval 140330 sec 34.22747564315796
PROG 45 beta 1.057042618433137 tau 0.022703120950881058 E -18.125355303276653 uniq 128 rc 0 local 2075 neval 156518 sec 38.230934143066406
PROG 50 beta 1.176500147726406 tau 0.02435872632977411 E -18.12008976167568 uniq 128 rc 0 local 2288 neval 172358 sec 42.26584458351135
RESULT Emean -18.12418190509871 tail -18.125528723462658 naiveSE 0.002647679270934175 nE 34 mixed 4352 unique 1588 neval 175493 sec 43.09014558792114
FN_REP 6 vit 128 {"seed": 13601, "Emean": -18.12418190509871, "tail8": -18.125528723462658, "naiveSE": 0.002647679270934175, "nE": 34, "mixed": 4352, "unique": 1588, "sec": 43.09612154960632}
PROG 1 beta 0.025 tau 0.025 E -18.130127223789465 uniq 128 rc 0 local 2388 neval 180143 sec 0.9783861637115479
PROG 5 beta 0.10816574543694932 tau 0.025 E -18.126805663232922 uniq 127 rc 0 local 2540 neval 191436 sec 4.257634878158569
PROG 10 beta 0.2282887739456922 tau 0.025 E -18.128012704775852 uniq 128 rc 0 local 2754 neval 207085 sec 8.241517543792725
PROG 15 beta 0.3532887739456923 tau 0.025 E -18.176221392079423 uniq 126 rc 0 local 2970 neval 222920 sec 12.229397773742676
PROG 20 beta 0.4782887739456924 tau 0.025 E -18.144708959702292 uniq 128 rc 0 local 3246 neval 243363 sec 17.14032506942749
PROG 25 beta 0.6032887739456925 tau 0.025 E -18.125792286882454 uniq 128 rc 0 local 3484 neval 260823 sec 20.9984872341156
PROG 30 beta 0.7141970909611085 tau 0.02392253184173858 E -18.15110736784451 uniq 128 rc 0 local 3691 neval 276070 sec 24.929118633270264
PROG 35 beta 0.8354653401365417 tau 0.025 E -18.139795899695095 uniq 128 rc 0 local 3922 neval 293053 sec 29.040539264678955
PROG 40 beta 0.9534830347529997 tau 0.025 E -18.13183061326901 uniq 128 rc 0 local 4157 neval 310340 sec 33.17879366874695
PROG 45 beta 1.0362742177518947 tau 0.022562728990337802 E -18.146070074544074 uniq 128 rc 0 local 4321 neval 322259 sec 37.17003321647644
PROG 50 beta 1.1468851116333854 tau 0.013040127088663847 E -18.089349540888005 uniq 127 rc 0 local 4509 neval 336045 sec 40.520180463790894
RESULT Emean -18.128466149215594 tail -18.127000648110908 naiveSE 0.00299232840415881 nE 37 mixed 4736 unique 1702 neval 347245 sec 42.576904296875
FN_REP 6 vit 128 {"seed": 13602, "Emean": -18.128466149215594, "tail8": -18.127000648110908, "naiveSE": 0.00299232840415881, "nE": 37, "mixed": 4736, "unique": 1702, "sec": 42.58071231842041}
FN_SUMMARY {"L": 6, "N": 36, "guide": "vit", "M": 128, "beta_target": 1.2, "burn_beta": 0.4, "tau_max": 0.025, "phi": -0.9173504287751786, "T": null, "reps": [{"seed": 13601, "Emean": -18.12418190509871, "tail8": -18.125528723462658, "naiveSE": 0.002647679270934175, "nE": 34, "mixed": 4352, "unique": 1588, "sec": 43.09612154960632}, {"seed": 13602, "Emean": -18.128466149215594, "tail8": -18.127000648110908, "naiveSE": 0.00299232840415881, "nE": 37, "mixed": 4736, "unique": 1702, "sec": 42.58071231842041}], "mean": -18.126324027157153, "between_rep_SE": 0.0021421220584425527, "mean_site": -0.5035090007543653, "SE_site": 5.950339051229313e-05}
