LOADED 6 154980 T -14.985799779143964 backend cpu
FN_SETUP L 6 guide marshall M 128 seeds [12601, 12602] beta 1.2 burn 0.4 phi 0.0
PROG 1 beta 0.025 tau 0.025 E -18.010176700460445 uniq 128 rc 0 local 128 neval 10554 sec 2.201843738555908
PROG 5 beta 0.125 tau 0.025 E -18.016850378941896 uniq 127 rc 0 local 329 neval 25761 sec 5.657102584838867
PROG 10 beta 0.24999999999999997 tau 0.025 E -18.009671341804335 uniq 128 rc 0 local 568 neval 43757 sec 9.855943202972412
PROG 15 beta 0.3427758887628164 tau 0.025 E -17.96226422329746 uniq 128 rc 0 local 740 neval 56698 sec 13.53817081451416
PROG 20 beta 0.46712928344434235 tau 0.025 E -18.00475264961632 uniq 128 rc 0 local 1013 neval 77035 sec 18.43539023399353
PROG 25 beta 0.5860940645318149 tau 0.025 E -17.951503535658208 uniq 128 rc 0 local 1237 neval 93723 sec 21.98908758163452
PROG 30 beta 0.6998628087653579 tau 0.025 E -17.904606106340328 uniq 127 rc 0 local 1443 neval 109050 sec 26.043225049972534
PROG 35 beta 0.8151742024253597 tau 0.025 E -18.001429194189008 uniq 126 rc 0 local 1635 neval 123258 sec 29.917816638946533
PROG 40 beta 0.9401742024253598 tau 0.025 E -17.937803519335773 uniq 127 rc 0 local 1872 neval 140788 sec 34.20229887962341
PROG 45 beta 1.0651742024253597 tau 0.025 E -17.928630028061917 uniq 128 rc 0 local 2090 neval 156971 sec 38.20303440093994
PROG 50 beta 1.1901742024253592 tau 0.025 E -17.965604566680135 uniq 128 rc 0 local 2325 neval 174373 sec 42.371954917907715
RESULT Emean -17.970802095366558 tail -17.9726006222687 naiveSE 0.008432557289905423 nE 34 mixed 4352 unique 1585 neval 177334 sec 43.18699407577515
FN_REP 6 marshall 128 {"seed": 12601, "Emean": -17.970802095366558, "tail8": -17.9726006222687, "naiveSE": 0.008432557289905423, "nE": 34, "mixed": 4352, "unique": 1585, "sec": 43.19280934333801}
PROG 1 beta 0.02012830716387699 tau 0.02012830716387699 E -18.005526807487833 uniq 128 rc 0 local 2429 neval 182453 sec 1.0027596950531006
PROG 5 beta 0.11543107173023001 tau 0.025 E -18.009673507812987 uniq 128 rc 0 local 2618 neval 196615 sec 4.567071199417114
PROG 10 beta 0.2224303980113779 tau 0.0069993262811479115 E -18.211511553591023 uniq 128 rc 0 local 2849 neval 213798 sec 8.689847707748413
PROG 15 beta 0.324211637015157 tau 0.019782055807429384 E -17.96398009077756 uniq 128 rc 0 local 3015 neval 226142 sec 12.399388551712036
PROG 20 beta 0.4398413930277516 tau 0.025 E -18.010977825574606 uniq 128 rc 0 local 3259 neval 244128 sec 17.16782259941101
PROG 25 beta 0.5648413930277517 tau 0.025 E -18.044497714686322 uniq 128 rc 0 local 3484 neval 260926 sec 21.445470333099365
PROG 30 beta 0.6793088368543211 tau 0.014467443826569235 E -18.087676993641868 uniq 128 rc 0 local 3692 neval 276187 sec 25.430861711502075
PROG 35 beta 0.7830131135651378 tau 0.025 E -18.015816540232677 uniq 127 rc 0 local 3890 neval 290910 sec 29.405595541000366
PROG 40 beta 0.9070856041941882 tau 0.025 E -18.04181329195071 uniq 125 rc 0 local 4122 neval 307995 sec 33.50296640396118
PROG 45 beta 0.9419400685214626 tau 0.017807238173538225 E -17.91556528641074 uniq 127 rc 0 local 4170 neval 311472 sec 36.63394904136658
PROG 50 beta 1.0540195206000738 tau 0.01928814236000023 E -17.987200910246983 uniq 128 rc 0 local 4375 neval 326617 sec 40.6180362701416
PROG 55 beta 1.1567178298004583 tau 0.025 E -17.688367299961875 uniq 128 rc 0 local 4565 neval 340488 sec 44.42146301269531
RESULT Emean -17.99568138339751 tail -17.995789450305786 naiveSE 0.03629592603885549 nE 39 mixed 4992 unique 1563 neval 345946 sec 45.95857882499695
FN_REP 6 marshall 128 {"seed": 12602, "Emean": -17.99568138339751, "tail8": -17.995789450305786, "naiveSE": 0.03629592603885549, "nE": 39, "mixed": 4992, "unique": 1563, "sec": 45.96257925033569}
FN_SUMMARY {"L": 6, "N": 36, "guide": "marshall", "M": 128, "beta_target": 1.2, "burn_beta": 0.4, "tau_max": 0.025, "phi": 0.0, "T": null, "reps": [{"seed": 12601, "Emean": -17.970802095366558, "tail8": -17.9726006222687, "naiveSE": 0.008432557289905423, "nE": 34, "mixed": 4352, "unique": 1585, "sec": 43.19280934333801}, {"seed": 12602, "Emean": -17.99568138339751, "tail8": -17.995789450305786, "naiveSE": 0.03629592603885549, "nE": 39, "mixed": 4992, "unique": 1563, "sec": 45.96257925033569}], "mean": -17.983241739382034, "between_rep_SE": 0.012439644015476148, "mean_site": -0.49953449276061207, "SE_site": 0.0003455456670965597}
