LOADED 8 302540 T -28.37107876288694 backend cpu
FN_SETUP L 8 guide vit M 128 seeds [13501, 13502] beta 1.2 burn 0.4 phi 0.056022964674162276
PROG 1 beta 0.017084200865869474 tau 0.017084200865869474 E -31.908490668005037 uniq 126 rc 0 local 126 neval 18376 sec 16.16905975341797
PROG 5 beta 0.09469239452067973 tau 0.021882695855991022 E -31.93570185787689 uniq 128 rc 0 local 389 neval 55056 sec 48.27442908287048
PROG 10 beta 0.18005048460654235 tau 0.01190330608934739 E -31.896169382741135 uniq 128 rc 0 local 688 neval 96454 sec 88.03075838088989
PROG 15 beta 0.26996212255663166 tau 0.01825639558683374 E -31.91853809342117 uniq 128 rc 0 local 950 neval 132828 sec 126.32999205589294
PROG 20 beta 0.3257673461141649 tau 0.017093303792217837 E -31.938435507179342 uniq 128 rc 0 local 1119 neval 156242 sec 153.90309405326843
PROG 25 beta 0.40438227913758606 tau 0.021138103403268327 E -31.92673379946808 uniq 128 rc 0 local 1453 neval 202490 sec 198.65158128738403
PROG 30 beta 0.48967809396781964 tau 0.014740739391275919 E -31.92325494942788 uniq 128 rc 0 local 1731 neval 240997 sec 236.1076135635376
PROG 35 beta 0.5804189101757149 tau 0.022278742881084352 E -31.920341953449643 uniq 128 rc 0 local 2016 neval 280370 sec 274.35748076438904
PROG 40 beta 0.6586098306474567 tau 0.022249257444540767 E -31.934545846803108 uniq 128 rc 0 local 2280 neval 316903 sec 311.1941521167755
PROG 45 beta 0.7625236530860731 tau 0.02202796849497179 E -31.91762271621692 uniq 128 rc 0 local 2596 neval 360525 sec 355.7531991004944
PROG 50 beta 0.8617740161732677 tau 0.01686330591742527 E -31.91312700164424 uniq 128 rc 0 local 2907 neval 403676 sec 397.10903787612915
PROG 55 beta 0.9266095863821124 tau 0.015975370941444626 E -31.899275088847997 uniq 128 rc 0 local 3127 neval 434109 sec 430.4901750087738
PROG 60 beta 1.0021292797140757 tau 0.010578891719021374 E -31.918790540090193 uniq 128 rc 0 local 3403 neval 472359 sec 468.50347900390625
PROG 65 beta 1.080134537901433 tau 0.017353627695368815 E -31.88202723638329 uniq 127 rc 0 local 3655 neval 507177 sec 502.45659852027893
PROG 70 beta 1.1752954764451216 tau 0.022720324879034002 E -31.922297722757023 uniq 128 rc 0 local 3958 neval 549196 sec 540.1827912330627
RESULT Emean -31.9139714511025 tail -31.91532357749635 naiveSE 0.002679781652649665 nE 48 mixed 6144 unique 2755 neval 565395 sec 554.8433129787445
FN_REP 8 vit 128 {"seed": 13501, "Emean": -31.9139714511025, "tail8": -31.91532357749635, "naiveSE": 0.002679781652649665, "nE": 48, "mixed": 6144, "unique": 2755, "sec": 554.8531491756439}
PROG 1 beta 0.015213317263634065 tau 0.015213317263634065 E -31.899530787048008 uniq 126 rc 0 local 4190 neval 582072 sec 13.450496912002563
PROG 5 beta 0.09194675471263364 tau 0.020834351160592724 E -31.909031762602613 uniq 128 rc 0 local 4442 neval 617101 sec 41.44565749168396
PROG 10 beta 0.19274344974055577 tau 0.010937570129876345 E -31.932914821528005 uniq 128 rc 0 local 4819 neval 669264 sec 86.09402847290039
PROG 15 beta 0.2643246960366412 tau 0.008631273430455647 E -31.998453496965716 uniq 128 rc 0 local 5069 neval 703891 sec 119.1365647315979
PROG 20 beta 0.35582331233126474 tau 0.016430438683342402 E -31.909177692158693 uniq 122 rc 0 local 5347 neval 742170 sec 150.80918622016907
PROG 25 beta 0.45399036452385894 tau 0.01916647896944117 E -31.9303856244334 uniq 128 rc 0 local 5723 neval 794197 sec 190.4614818096161
PROG 30 beta 0.5448401731944638 tau 0.018914068454720216 E -31.912389685844538 uniq 128 rc 0 local 6014 neval 834415 sec 222.33765125274658
PROG 35 beta 0.6260897945547795 tau 0.009995602649666285 E -31.94402420944193 uniq 128 rc 0 local 6298 neval 873736 sec 257.92059993743896
PROG 40 beta 0.7251359302130755 tau 0.021502379217654688 E -31.92731576569728 uniq 128 rc 0 local 6628 neval 919346 sec 294.4390940666199
PROG 45 beta 0.8226306105355669 tau 0.019091085911144695 E -31.92233750042896 uniq 128 rc 0 local 6969 neval 966331 sec 331.31072974205017
PROG 50 beta 0.9098682121919865 tau 0.017785893203852453 E -31.929947213613726 uniq 128 rc 0 local 7246 neval 1004503 sec 363.9835193157196
PROG 55 beta 0.9992713224670764 tau 0.016237575473686105 E -31.957575306232567 uniq 128 rc 0 local 7547 neval 1046069 sec 398.8659541606903
PROG 60 beta 1.0699044433195075 tau 0.010180264729779105 E -31.90944502712413 uniq 128 rc 0 local 7784 neval 1078863 sec 425.5440585613251
PROG 65 beta 1.1591930343929344 tau 0.020163359372150524 E -31.935347979518255 uniq 128 rc 0 local 8086 neval 1120499 sec 456.458535194397
RESULT Emean -31.929999146455707 tail -31.924679740782985 naiveSE 0.002393623942987136 nE 45 mixed 5760 unique 2751 neval 1138656 sec 471.443199634552
FN_REP 8 vit 128 {"seed": 13502, "Emean": -31.929999146455707, "tail8": -31.924679740782985, "naiveSE": 0.002393623942987136, "nE": 45, "mixed": 5760, "unique": 2751, "sec": 471.45213317871094}
FN_SUMMARY {"L": 8, "N": 64, "guide": "vit", "M": 128, "beta_target": 1.2, "burn_beta": 0.4, "tau_max": 0.025, "phi": 0.056022964674162276, "T": null, "reps": [{"seed": 13501, "Emean": -31.9139714511025, "tail8": -31.91532357749635, "naiveSE": 0.002679781652649665, "nE": 48, "mixed": 6144, "unique": 2755, "sec": 554.8531491756439}, {"seed": 13502, "Emean": -31.929999146455707, "tail8": -31.924679740782985, "naiveSE": 0.002393623942987136, "nE": 45, "mixed": 5760, "unique": 2751, "sec": 471.45213317871094}], "mean": -31.921985298779106, "between_rep_SE": 0.008013847676602737, "mean_site": -0.4987810202934235, "SE_site": 0.00012521636994691776}
