[22:50:16] ED 512 / 200000 evals 1635134 sec 20.2
[22:52:36] ED 10752 / 200000 evals 34174027 sec 159.7
[22:54:56] ED 20992 / 200000 evals 66706605 sec 300.1
[22:57:16] ED 31232 / 200000 evals 99272433 sec 439.8
[22:59:36] ED 41472 / 200000 evals 131825002 sec 580.1
[23:01:57] ED 51712 / 200000 evals 164411249 sec 720.4
[23:04:16] ED 61952 / 200000 evals 196992787 sec 859.8
[23:06:34] ED 72192 / 200000 evals 229563767 sec 997.6
[23:08:52] ED 82432 / 200000 evals 262107975 sec 1135.8
[23:11:12] ED 92672 / 200000 evals 294719749 sec 1275.5
[23:13:31] ED 102912 / 200000 evals 327258002 sec 1415.3
[23:15:51] ED 113152 / 200000 evals 359853803 sec 1554.7
[23:18:11] ED 123392 / 200000 evals 392388915 sec 1694.6
[23:20:31] ED 133632 / 200000 evals 424917252 sec 1834.4
[23:22:49] ED 143872 / 200000 evals 457427812 sec 1973.1
[23:25:08] ED 154112 / 200000 evals 489994784 sec 2111.8
[23:27:27] ED 164352 / 200000 evals 522603986 sec 2250.6
[23:29:46] ED 174592 / 200000 evals 555207983 sec 2390.0
[23:32:06] ED 184832 / 200000 evals 587722199 sec 2529.9
[23:34:25] ED 195072 / 200000 evals 620287758 sec 2669.0
[23:35:33] W 0 {'w': 0.019865, 'err': 0.0003120126742217373, 'nwrong': 3973, 'global_sign': 1}
[23:35:33] W 1 {'w': 0.00113, 'err': 7.512400082530216e-05, 'nwrong': 226, 'global_sign': 1}
[23:35:33] W 2 {'w': 8e-05, 'err': 1.999919998399936e-05, 'nwrong': 16, 'global_sign': 1}
[23:35:34] AMP 0.047755390781477836 0.06099502638025779
[23:35:34] DONE {"tag": "it1b", "n": 200000, "K": 2, "sec": 2737.2904546260834, "evals": 636012950, "w_s0": {"w": 0.019865, "err": 0.0003120126742217373, "nwrong": 3973, "global_sign": 1}, "w_s1": {"w": 0.00113, "err": 7.512400082530216e-05, "nwrong": 226, "global_sign": 1}, "w_s2": {"w": 8e-05, "err": 1.999919998399936e-05, "nwrong": 16, "global_sign": 1}, "paired_w1_minus_w0": {"mean": -0.018735, "err": 0.00030703496580577127, "changed": 3841}, "paired_w2_minus_w1": {"mean": -0.00105, "err": 7.310618457128721e-05, "changed": 214}, "std_dlog_a0_base": 0.047755390781477836, "std_dlog_a_guide": 0.06099502638025779}
