[22:04:13] ED 512 / 200000 evals 1635134 sec 21.4
[22:06:33] ED 10752 / 200000 evals 34174027 sec 161.4
[22:08:51] ED 20992 / 200000 evals 66706605 sec 299.8
[22:11:10] ED 31232 / 200000 evals 99272433 sec 438.0
[22:13:27] ED 41472 / 200000 evals 131825002 sec 575.2
[22:15:45] ED 51712 / 200000 evals 164411249 sec 713.2
[22:18:03] ED 61952 / 200000 evals 196992787 sec 851.9
[22:20:22] ED 72192 / 200000 evals 229563767 sec 990.9
[22:22:41] ED 82432 / 200000 evals 262107975 sec 1129.6
[22:25:00] ED 92672 / 200000 evals 294719749 sec 1268.0
[22:27:18] ED 102912 / 200000 evals 327258002 sec 1406.0
[22:29:37] ED 113152 / 200000 evals 359853803 sec 1545.0
[22:31:54] ED 123392 / 200000 evals 392388915 sec 1682.8
[22:34:12] ED 133632 / 200000 evals 424917252 sec 1821.0
[22:36:31] ED 143872 / 200000 evals 457427812 sec 1959.1
[22:38:49] ED 154112 / 200000 evals 489994784 sec 2097.4
[22:41:08] ED 164352 / 200000 evals 522603986 sec 2236.0
[22:43:26] ED 174592 / 200000 evals 555207983 sec 2374.8
[22:45:45] ED 184832 / 200000 evals 587722199 sec 2513.2
[22:48:03] ED 195072 / 200000 evals 620287758 sec 2651.5
[22:49:10] W 0 {'w': 0.019865, 'err': 0.0003120126742217373, 'nwrong': 3973, 'global_sign': 1}
[22:49:10] W 1 {'w': 0.00113, 'err': 7.512400082530216e-05, 'nwrong': 226, 'global_sign': 1}
[22:49:10] W 2 {'w': 0.00024, 'err': 3.463685897999413e-05, 'nwrong': 48, 'global_sign': 1}
[22:49:10] AMP 0.047755390781477836 0.047755390781477836
[22:49:10] DONE {"tag": "it1", "n": 200000, "K": 2, "sec": 2718.0271747112274, "evals": 636012950, "w_s0": {"w": 0.019865, "err": 0.0003120126742217373, "nwrong": 3973, "global_sign": 1}, "w_s1": {"w": 0.00113, "err": 7.512400082530216e-05, "nwrong": 226, "global_sign": 1}, "w_s2": {"w": 0.00024, "err": 3.463685897999413e-05, "nwrong": 48, "global_sign": 1}, "paired_w1_minus_w0": {"mean": -0.018735, "err": 0.00030703496580577127, "changed": 3841}, "paired_w2_minus_w1": {"mean": -0.00089, "err": 6.667879520738699e-05, "changed": 178}, "std_dlog_a0_base": 0.047755390781477836, "std_dlog_a_guide": 0.047755390781477836}
