[21:38:42] VAL 8192 L/site -0.5027874076715094 sec 176.49832439422607
[21:41:10] NTR 2048 L/site -0.5028446875559115 K eig top/median 79256.6917638247 0.0009816985656540891
[21:41:16] ROW {"ntr": 2048, "shift": "0.01", "trust": 0.005, "dL_val": -0.0017212654910672143, "dL_val_se": 0.001021765508631095, "dL_val_site": -4.781293030742262e-05, "train_first_order": -0.005738333432490567, "sec": 330.5224003791809}
[21:41:19] ROW {"ntr": 2048, "shift": "0.01", "trust": 0.01, "dL_val": -0.0032952494884064265, "dL_val_se": 0.0020295787202711624, "dL_val_site": -9.153470801128962e-05, "train_first_order": -0.011476666864981134, "sec": 332.8933756351471}
[21:41:21] ROW {"ntr": 2048, "shift": "0.01", "trust": 0.02, "dL_val": -0.005855633496658186, "dL_val_se": 0.003971272443136448, "dL_val_site": -0.00016265648601828295, "train_first_order": -0.022953333729962267, "sec": 335.2615330219269}
[21:41:24] ROW {"ntr": 2048, "shift": "0.01", "trust": 0.04, "dL_val": -0.0076684229840218165, "dL_val_se": 0.00757098842809844, "dL_val_site": -0.00021301174955616156, "train_first_order": -0.045906667459924534, "sec": 337.6318335533142}
[21:41:26] ROW {"ntr": 2048, "shift": "0.1", "trust": 0.005, "dL_val": -0.00277791665455851, "dL_val_se": 0.0017587763274355414, "dL_val_site": -7.716435151551416e-05, "train_first_order": -0.005684064445683113, "sec": 340.1530327796936}
[21:41:28] ROW {"ntr": 2048, "shift": "0.1", "trust": 0.01, "dL_val": -0.005066574377188715, "dL_val_se": 0.0032540275315445506, "dL_val_site": -0.00014073817714413097, "train_first_order": -0.011368128891366226, "sec": 342.5234055519104}
[21:41:31] ROW {"ntr": 2048, "shift": "0.1", "trust": 0.02, "dL_val": -0.008077099478025929, "dL_val_se": 0.005441954794081435, "dL_val_site": -0.00022436387438960913, "train_first_order": -0.02273625778273245, "sec": 344.8917133808136}
[21:41:33] ROW {"ntr": 2048, "shift": "0.1", "trust": 0.04, "dL_val": -0.007463916594460329, "dL_val_se": 0.007475662908714306, "dL_val_site": -0.00020733101651278693, "train_first_order": -0.0454725155654649, "sec": 347.25989055633545}
[21:41:36] ROW {"ntr": 2048, "shift": "1", "trust": 0.005, "dL_val": -0.0037911205908720547, "dL_val_se": 0.0021955881307695016, "dL_val_site": -0.00010530890530200152, "train_first_order": -0.0054941264407557516, "sec": 349.78306007385254}
[21:41:38] ROW {"ntr": 2048, "shift": "1", "trust": 0.01, "dL_val": -0.006769286420876597, "dL_val_se": 0.0038776768865698935, "dL_val_site": -0.0001880357339132388, "train_first_order": -0.010988252881511503, "sec": 352.1478135585785}
[21:41:40] ROW {"ntr": 2048, "shift": "1", "trust": 0.02, "dL_val": -0.010362146755856116, "dL_val_se": 0.005835323217416444, "dL_val_site": -0.00028783740988489213, "train_first_order": -0.021976505763023006, "sec": 354.51270747184753}
[21:41:43] ROW {"ntr": 2048, "shift": "1", "trust": 0.04, "dL_val": -0.00922633181164656, "dL_val_se": 0.006850314080634477, "dL_val_site": -0.00025628699476796, "train_first_order": -0.04395301152604601, "sec": 356.8792476654053}
[21:41:45] ROW {"ntr": 2048, "shift": "10", "trust": 0.005, "dL_val": -0.004587029360777706, "dL_val_se": 0.002574781800236883, "dL_val_site": -0.00012741748224382517, "train_first_order": -0.004817185607472029, "sec": 359.4035367965698}
[21:41:48] ROW {"ntr": 2048, "shift": "10", "trust": 0.01, "dL_val": -0.007954890742915666, "dL_val_se": 0.004427024729177252, "dL_val_site": -0.00022096918730321293, "train_first_order": -0.009634371214944058, "sec": 361.7763035297394}
[21:41:50] ROW {"ntr": 2048, "shift": "10", "trust": 0.02, "dL_val": -0.011302494856252565, "dL_val_se": 0.006271778550493221, "dL_val_site": -0.00031395819045146014, "train_first_order": -0.019268742429888117, "sec": 364.15069556236267}
[21:41:52] ROW {"ntr": 2048, "shift": "10", "trust": 0.04, "dL_val": -0.010284224624456328, "dL_val_se": 0.007978147656110383, "dL_val_site": -0.000285672906234898, "train_first_order": -0.03853748485977623, "sec": 366.5237934589386}
[21:41:55] ROW {"ntr": 2048, "shift": "inf", "trust": 0.005, "dL_val": -0.004532889319396105, "dL_val_se": 0.0027132576062914126, "dL_val_site": -0.00012591359220544737, "train_first_order": -0.002861736259662856, "sec": 368.99561285972595}
[21:41:57] ROW {"ntr": 2048, "shift": "inf", "trust": 0.01, "dL_val": -0.007647452896417661, "dL_val_se": 0.004712156475292349, "dL_val_site": -0.00021242924712271282, "train_first_order": -0.005723472519325712, "sec": 371.3702356815338}
[21:42:00] ROW {"ntr": 2048, "shift": "inf", "trust": 0.02, "dL_val": -0.009875170281400614, "dL_val_se": 0.006995188069198985, "dL_val_site": -0.0002743102855944615, "train_first_order": -0.011446945038651424, "sec": 373.7429919242859}
[21:42:02] ROW {"ntr": 2048, "shift": "inf", "trust": 0.04, "dL_val": -0.006068888272107387, "dL_val_se": 0.011364579278028836, "dL_val_site": -0.00016858022978076073, "train_first_order": -0.022893890077302848, "sec": 376.1125211715698}
