LOADED 6 154980 T -14.985799779143964 backend cpu
PROG 23002 1 beta 0.0125 E -18.119966664755808 neval 399432 sec 114.63674306869507
PROG 23002 6 beta 0.075 E -18.07563896244482 neval 694087 sec 199.24983477592468
PROG 23002 11 beta 0.1313835203483909 E -18.138451918792136 neval 992585 sec 284.06948828697205
PROG 23002 16 beta 0.19388352034839096 E -18.110940212566867 neval 1287303 sec 367.99292492866516
PROG 23002 21 beta 0.256383520348391 E -18.14196757810474 neval 1581117 sec 451.6962380409241
PROG 23002 26 beta 0.31888352034839107 E -18.110993498998617 neval 1890685 sec 539.6923298835754
PROG 23002 31 beta 0.3813835203483911 E -18.098610947057505 neval 2123025 sec 606.7827477455139
PROG 23002 36 beta 0.4438835203483912 E -18.117997866107558 neval 2385070 sec 681.0563230514526
PROG 23002 41 beta 0.5063835203483912 E -18.10265845845113 neval 2649897 sec 756.5532560348511
PROG 23002 46 beta 0.568883520348391 E -18.105648576772275 neval 2931242 sec 836.8808448314667
PROG 23002 51 beta 0.6313835203483907 E -18.14679176187845 neval 3229099 sec 921.5624680519104
PROG 23002 56 beta 0.6938835203483905 E -18.108345704838953 neval 3506036 sec 1000.6792585849762
PROG 23002 61 beta 0.7563835203483903 E -18.108481491435207 neval 3789431 sec 1080.8545632362366
PROG 23002 66 beta 0.8188835203483901 E -18.084005512963675 neval 4033389 sec 1150.5389740467072
PROG 23002 71 beta 0.8813835203483898 E -18.132794173988547 neval 4330489 sec 1235.1130862236023
PROG 23002 76 beta 0.9438835203483896 E -18.124490044954005 neval 4578881 sec 1306.0780606269836
PROG 23002 81 beta 1.0063835203483895 E -18.137291845635612 neval 4855391 sec 1384.7867567539215
PROG 23002 86 beta 1.0688835203483893 E -18.084523362411417 neval 5117513 sec 1459.5866322517395
PROG 23002 91 beta 1.131383520348389 E -18.117732090737825 neval 5341181 sec 1524.314781665802
PROG 23002 96 beta 1.1938835203483888 E -18.097164847319487 neval 5552993 sec 1585.5000076293945
FN_REP {"seed": 23002, "Emean": -18.11150545242018, "tail8": -18.103820389712364, "nE": 65, "E_beta0": -18.119966664755808, "E_final": -18.115857132173254, "mean_unique": 127.71134020618557, "sec": 1621.791413784027, "neval": 5678039}
FN_SUMMARY taub mean -18.11150545242018 site -0.5030973736783383 SE None
