LOADED 6 154980 T -14.985799779143964 backend cpu
PROG 22002 1 beta 0.025 E -18.10231587548444 neval 399956 sec 108.14822578430176
PROG 22002 6 beta 0.1302111156841449 E -18.120810357566135 neval 883315 sec 237.20801997184753
PROG 22002 11 beta 0.21654410464061072 E -18.1392310419098 neval 1326786 sec 354.9233922958374
PROG 22002 16 beta 0.33988651175828916 E -18.11031567365214 neval 1900634 sec 506.2174665927887
PROG 22002 21 beta 0.46178098362698383 E -18.09455621604887 neval 2451336 sec 652.5951986312866
PROG 22002 26 beta 0.516645588601508 E -18.152948831007713 neval 2727688 sec 726.7432985305786
PROG 22002 31 beta 0.6276839760780443 E -18.111322448549963 neval 3213370 sec 855.6799142360687
PROG 22002 36 beta 0.7418826597480898 E -18.115636626874583 neval 3687605 sec 981.987771987915
PROG 22002 41 beta 0.8316969589703661 E -18.131148090286274 neval 4083391 sec 1087.7947239875793
PROG 22002 46 beta 0.9566969589703662 E -18.14631733871572 neval 4644410 sec 1236.2319836616516
PROG 22002 51 beta 1.0647936716421365 E -18.117000925728785 neval 5103192 sec 1357.6037557125092
PROG 22002 56 beta 1.1881030148324627 E -18.056427396447475 neval 5655437 sec 1504.6591227054596
PROG 22002 61 beta 1.3036863815839503 E -18.13194070316981 neval 6181842 sec 1645.0883383750916
PROG 22002 66 beta 1.4229404562086516 E -18.125680565113438 neval 6714471 sec 1786.3104424476624
PROG 22002 71 beta 1.5472564696544477 E -18.10681025783167 neval 7292603 sec 1938.7959139347076
PROG 22002 76 beta 1.670392134415959 E -18.132062985497544 neval 7784164 sec 2069.823228120804
PROG 22002 81 beta 1.7953921344159585 E -18.11848981983892 neval 8328521 sec 2215.5426115989685
PROG 22002 86 beta 1.9056497655142721 E -18.129753603926748 neval 8823797 sec 2346.7822234630585
PROG 22002 91 beta 2.0196004908562983 E -18.129263589865637 neval 9280308 sec 2470.1516506671906
PROG 22002 96 beta 2.1412468539055722 E -18.13342205400098 neval 9871783 sec 2628.0167486667633
PROG 22002 101 beta 2.251563004949902 E -18.217198180871424 neval 10384080 sec 2765.1161925792694
PROG 22002 106 beta 2.3765630049499014 E -18.1233437425736 neval 10866768 sec 2895.4011659622192
FN_REP {"seed": 22002, "Emean": -18.119224295855663, "tail8": -18.16729774464823, "nE": 68, "E_beta0": -18.10231587548444, "E_final": -18.16360383584597, "mean_unique": 127.6355140186916, "sec": 2945.5970029830933, "neval": 11051585}
FN_SUMMARY b24b mean -18.119224295855663 site -0.5033117859959906 SE None
