LOADED 6 154980 T -14.985799779143964 backend cpu
PROG 23001 1 beta 0.0125 E -18.130825944948732 neval 397269 sec 106.44686341285706
PROG 23001 6 beta 0.075 E -18.119504724718002 neval 752265 sec 201.0315351486206
PROG 23001 11 beta 0.13749999999999998 E -18.11206685860529 neval 1032748 sec 276.86624002456665
PROG 23001 16 beta 0.20000000000000004 E -18.11987164576857 neval 1318658 sec 354.9513292312622
PROG 23001 21 beta 0.26250000000000007 E -18.125985118058004 neval 1653772 sec 445.5937283039093
PROG 23001 26 beta 0.3250000000000001 E -18.080903892305287 neval 1908838 sec 514.5427556037903
PROG 23001 31 beta 0.3875000000000002 E -18.09001593814916 neval 2171398 sec 586.640207529068
PROG 23001 36 beta 0.45000000000000023 E -18.115332763783933 neval 2440013 sec 659.6180286407471
PROG 23001 41 beta 0.5125000000000002 E -18.15627049087469 neval 2763793 sec 746.5094673633575
PROG 23001 46 beta 0.575 E -18.154346659809192 neval 3038466 sec 820.2481489181519
PROG 23001 51 beta 0.6374999999999997 E -18.127873018265987 neval 3334289 sec 899.6642334461212
PROG 23001 56 beta 0.6999999999999995 E -18.130252351331904 neval 3597991 sec 970.9424905776978
PROG 23001 61 beta 0.7624999999999993 E -18.116791664350544 neval 3887920 sec 1048.8863561153412
PROG 23001 66 beta 0.8249999999999991 E -18.1153537729478 neval 4119542 sec 1113.1102786064148
PROG 23001 71 beta 0.8874999999999988 E -18.174736928583116 neval 4399508 sec 1189.9709768295288
PROG 23001 76 beta 0.9499999999999986 E -18.12167686500464 neval 4714876 sec 1275.8097913265228
PROG 23001 81 beta 1.0116320084583588 E -18.165136835380366 neval 4986480 sec 1349.7962582111359
PROG 23001 86 beta 1.0741320084583585 E -18.000059539255137 neval 5282643 sec 1429.09535074234
PROG 23001 91 beta 1.1366320084583583 E -18.128177117356064 neval 5579467 sec 1510.0225160121918
PROG 23001 96 beta 1.199132008458358 E -18.121108276852752 neval 5888026 sec 1594.1262726783752
FN_REP {"seed": 23001, "Emean": -18.132038200127976, "tail8": -18.126058260911922, "nE": 66, "E_beta0": -18.130825944948732, "E_final": -18.1265292315043, "mean_unique": 127.91752577319588, "sec": 1626.9377148151398, "neval": 6009883}
FN_SUMMARY taua mean -18.132038200127976 site -0.5036677277813326 SE None
