LOADED 6 154980 T -14.985799779143964 backend cpu
PROG 22001 1 beta 0.025 E -18.12309363044981 neval 399455 sec 145.3726794719696
PROG 22001 6 beta 0.14234249725087758 E -18.116615657281763 neval 977881 sec 352.26260352134705
PROG 22001 11 beta 0.26734249725087755 E -18.11634081443336 neval 1539869 sec 551.0119833946228
PROG 22001 16 beta 0.39234249725087766 E -18.114427325741154 neval 2112572 sec 752.4413731098175
PROG 22001 21 beta 0.5173424972508778 E -18.141022650727535 neval 2620973 sec 932.0741999149323
PROG 22001 26 beta 0.6140456724889697 E -18.144712682095204 neval 3089771 sec 1100.9117329120636
PROG 22001 31 beta 0.7210225816517576 E -18.13297837336477 neval 3545044 sec 1263.8020074367523
PROG 22001 36 beta 0.8294282508355226 E -18.11726466317628 neval 4015347 sec 1432.8591074943542
PROG 22001 41 beta 0.9544282508355227 E -18.088022036634165 neval 4542951 sec 1620.254987001419
PROG 22001 46 beta 1.0584613312479656 E -18.092345326328 neval 5001760 sec 1782.6397821903229
PROG 22001 51 beta 1.1834613312479652 E -18.095183866235267 neval 5581305 sec 1988.0617027282715
PROG 22001 56 beta 1.3028101887818113 E -18.13890413345692 neval 6153010 sec 2191.8759808540344
PROG 22001 61 beta 1.3891043183410714 E -18.264091748935442 neval 6630917 sec 2360.640705347061
PROG 22001 66 beta 1.5080549047516167 E -18.100169820899346 neval 7111070 sec 2529.791437625885
PROG 22001 71 beta 1.6311446503705354 E -18.12203813884376 neval 7646722 sec 2719.424506187439
PROG 22001 76 beta 1.756144650370535 E -18.135876174479918 neval 8163156 sec 2904.0252788066864
PROG 22001 81 beta 1.8811446503705345 E -18.129739350004492 neval 8659113 sec 3081.7267339229584
PROG 22001 86 beta 2.0061446503705342 E -18.125610461500973 neval 9232724 sec 3287.2696347236633
PROG 22001 91 beta 2.131144650370534 E -18.01876073280753 neval 9725214 sec 3463.8861956596375
PROG 22001 96 beta 2.228557573004082 E -18.115903754789684 neval 10176017 sec 3625.7455818653107
PROG 22001 101 beta 2.3328348441940587 E -18.119297899301884 neval 10623578 sec 3785.2527372837067
FN_REP {"seed": 22001, "Emean": -18.11980033638938, "tail8": -18.120299352120316, "nE": 71, "E_beta0": -18.12309363044981, "E_final": -18.126181573140784, "mean_unique": 127.75238095238095, "sec": 3945.9233162403107, "neval": 11071126}
FN_SUMMARY b24a mean -18.11980033638938 site -0.5033277871219272 SE None
