LOADED 154980 T -14.985799779143964
SUBSETS 2048 1024
BUILT TRAIN maxm 92 r_cache 150529 neval 5499869 sec 25.65656280517578
BUILT VAL maxm 94 r_cache 227584 neval 8310515 sec 14.005497932434082
AMP_RESID TRAIN a0_mean_sd_se_ess (-18.113203461295676, 0.4172455470444925, 0.020295959137397235, 422.6338336788818) a1_mean_sd_se_ess (-18.1126342778327, 0.43251084773355014, 0.020964134051143817, 425.63776366477225) sd_ratio 1.0365858924012192
AMP_RESID VAL a0_mean_sd_se_ess (-18.10705105340327, 0.5752944275684367, 0.03826799358859266, 226.0002656759224) a1_mean_sd_se_ess (-18.11092306417408, 0.5886174139359991, 0.03912680812338831, 226.31710104248853) sd_ratio 1.0231585527846565
NODE_TRAIN 202609304 0 loss -16.228801727294922 VSEL_E -18.096424389523094 SE 0.05037815799948447 flipmass 0.0
NODE_TRAIN 202609304 100 loss -25.12948989868164 VSEL_E -18.096424389523094 SE 0.05037815799948447 flipmass 0.0
NODE_TRAIN 202609304 200 loss -21.811220169067383 VSEL_E -18.096424389523094 SE 0.05037815799948447 flipmass 0.0
NODE_TRAIN 202609304 300 loss -21.748796463012695 VSEL_E -18.096424389523094 SE 0.05037815799948447 flipmass 0.0
NODE_TRAIN 202609304 400 loss -14.677523612976074 VSEL_E -18.096424389523094 SE 0.05037815799948447 flipmass 0.0
NODE_TRAIN 202609304 500 loss -21.53548240661621 VSEL_E -18.096424389523094 SE 0.05037815799948447 flipmass 0.0
NODE_TRAIN 202609304 600 loss -12.32386589050293 VSEL_E -18.096424389523094 SE 0.05037815799948447 flipmass 0.0
NODE_TRAIN 202609304 700 loss -28.64058494567871 VSEL_E -18.096424389523094 SE 0.05037815799948447 flipmass 0.0
NODE_TRAIN 202609304 800 loss -25.061758041381836 VSEL_E -18.096424389523094 SE 0.05037815799948447 flipmass 0.0
NODE_TRAIN 202609304 900 loss -13.194130897521973 VSEL_E -18.096424389523094 SE 0.05037815799948447 flipmass 0.0
NODE_TRAIN 202609304 1000 loss -25.689762115478516 VSEL_E -18.096424389523094 SE 0.05037815799948447 flipmass 0.0
NODE_TRAIN 202609304 1100 loss -16.22502326965332 VSEL_E -18.096424389523094 SE 0.05037815799948447 flipmass 0.0
NODE_TRAIN 202609304 1200 loss -23.67522621154785 VSEL_E -18.096424389523094 SE 0.05037815799948447 flipmass 0.0
NODE_TEST 202609304 baseE -18.123903705233737 newE -18.123903763746014 delta -5.851227926545832e-08 naiveSE 6.740710768846554e-08 chainSE 5.3073899500001464e-08 flipmass 0.0 beststep 0
NODE_TRAIN 202609314 0 loss -26.506071090698242 VSEL_E -18.096424389523094 SE 0.05037815799948447 flipmass 0.0
NODE_TRAIN 202609314 100 loss -14.689298629760742 VSEL_E -18.096424389523094 SE 0.05037815799948447 flipmass 0.0
NODE_TRAIN 202609314 200 loss -16.184131622314453 VSEL_E -18.096424389523094 SE 0.05037815799948447 flipmass 0.0
NODE_TRAIN 202609314 300 loss -14.669144630432129 VSEL_E -18.096424389523094 SE 0.05037815799948447 flipmass 0.0
NODE_TRAIN 202609314 400 loss -14.639069557189941 VSEL_E -18.096424389523094 SE 0.05037815799948447 flipmass 0.0
NODE_TRAIN 202609314 500 loss -19.513843536376953 VSEL_E -18.096424389523094 SE 0.05037815799948447 flipmass 0.0
NODE_TRAIN 202609314 600 loss -17.298593521118164 VSEL_E -18.096424389523094 SE 0.05037815799948447 flipmass 0.0
NODE_TRAIN 202609314 700 loss -14.105045318603516 VSEL_E -18.096424389523094 SE 0.05037815799948447 flipmass 0.0
NODE_TRAIN 202609314 800 loss -11.568012237548828 VSEL_E -18.096424389523094 SE 0.05037815799948447 flipmass 0.0
NODE_TRAIN 202609314 900 loss -17.61703109741211 VSEL_E -18.096424389523094 SE 0.05037815799948447 flipmass 0.0
NODE_TRAIN 202609314 1000 loss -12.732460021972656 VSEL_E -18.096424389523094 SE 0.05037815799948447 flipmass 0.0
NODE_TRAIN 202609314 1100 loss -28.68941307067871 VSEL_E -18.096424389523094 SE 0.05037815799948447 flipmass 0.0
NODE_TRAIN 202609314 1200 loss -14.610472679138184 VSEL_E -18.096424389523094 SE 0.05037815799948447 flipmass 0.0
NODE_TEST 202609314 baseE -18.123903705233737 newE -18.123903763746014 delta -5.851227926545832e-08 naiveSE 6.740710768846554e-08 chainSE 5.3073899500001464e-08 flipmass 0.0 beststep 0
NODE_TRAIN 202609324 0 loss -21.252540588378906 VSEL_E -18.096424389523094 SE 0.05037815799948447 flipmass 0.0
NODE_TRAIN 202609324 100 loss -15.191455841064453 VSEL_E -18.096424389523094 SE 0.05037815799948447 flipmass 0.0
NODE_TRAIN 202609324 200 loss -15.308884620666504 VSEL_E -18.096424389523094 SE 0.05037815799948447 flipmass 0.0
NODE_TRAIN 202609324 300 loss -15.620393753051758 VSEL_E -18.096424389523094 SE 0.05037815799948447 flipmass 0.0
NODE_TRAIN 202609324 400 loss -17.41427230834961 VSEL_E -18.096424389523094 SE 0.05037815799948447 flipmass 0.0
NODE_TRAIN 202609324 500 loss -15.343750953674316 VSEL_E -18.096424389523094 SE 0.05037815799948447 flipmass 0.0
NODE_TRAIN 202609324 600 loss -17.00953483581543 VSEL_E -18.096424389523094 SE 0.05037815799948447 flipmass 0.0
NODE_TRAIN 202609324 700 loss -17.530405044555664 VSEL_E -18.096424389523094 SE 0.05037815799948447 flipmass 0.0
NODE_TRAIN 202609324 800 loss -17.709274291992188 VSEL_E -18.096424389523094 SE 0.05037815799948447 flipmass 0.0
NODE_TRAIN 202609324 900 loss -18.847412109375 VSEL_E -18.096424389523094 SE 0.05037815799948447 flipmass 0.0
NODE_TRAIN 202609324 1000 loss -18.451269149780273 VSEL_E -18.096424389523094 SE 0.05037815799948447 flipmass 0.0
NODE_TRAIN 202609324 1100 loss -21.334516525268555 VSEL_E -18.096424389523094 SE 0.05037815799948447 flipmass 0.0
NODE_TRAIN 202609324 1200 loss -15.53691291809082 VSEL_E -18.096424389523094 SE 0.05037815799948447 flipmass 0.0
NODE_TEST 202609324 baseE -18.123903705233737 newE -18.123903763746014 delta -5.851227926545832e-08 naiveSE 6.740710768846554e-08 chainSE 5.3073899500001464e-08 flipmass 0.0 beststep 0
DONE_AUDIT rows [[202609304, 0, -18.123903763746014, 0.059386986441791044, 0.0, -5.851227926545832e-08, 5.3073899500001464e-08], [202609314, 0, -18.123903763746014, 0.059386986441791044, 0.0, -5.851227926545832e-08, 5.3073899500001464e-08], [202609324, 0, -18.123903763746014, 0.059386986441791044, 0.0, -5.851227926545832e-08, 5.3073899500001464e-08]]
