CPU_SET_HEX_STR_SIZE: 257, Size of mstr: 257
cpu-bind=MASK - gpu1019, task  0  0 [311895]: mask |--------|BBBBBBBB|--------|--------|--------|--------|--------|--------|--------|BBBBBBBB|--------|--------||||--------|--------|--------|--------|--------|--------|--------|--------|--------|--------|--------|--------| set
LOADED_8x8 302540 T -28.37107876288694
PROG 1 beta 0.017264261111189172 tau 0.017264261111189172 E -31.86630807112561 uniq 127 rc 18515 local 127 neval 1289987 sec 11.83204174041748
PROG 5 beta 0.07907260163025699 tau 0.014026109776577544 E -31.845028563803663 uniq 128 rc 48694 local 343 neval 3300695 sec 32.04106521606445
PROG 10 beta 0.1643802144098483 tau 0.019476189649234903 E -31.883152378384715 uniq 128 rc 88202 local 627 neval 5920217 sec 58.672154664993286
PROG 15 beta 0.2513986160453947 tau 0.01585565014588146 E -31.839366918470446 uniq 128 rc 132241 local 945 neval 8827751 sec 87.5632495880127
PROG 20 beta 0.34845745232791325 tau 0.020354493769227728 E -31.85707732342859 uniq 128 rc 173075 local 1240 neval 11522128 sec 115.42210817337036
PROG 25 beta 0.44698226075228575 tau 0.021009045527117496 E -31.888569174112366 uniq 128 rc 228591 local 1641 neval 15184636 sec 151.41099667549133
PROG 30 beta 0.5318423099414282 tau 0.01631060982902298 E -31.90251352141258 uniq 128 rc 270410 local 1943 neval 17944289 sec 179.54187870025635
PROG 35 beta 0.6302863449736884 tau 0.019874604022104208 E -31.931498508834068 uniq 128 rc 315852 local 2272 neval 20935854 sec 209.69802021980286
PROG 40 beta 0.6884259363389867 tau 0.010154418835754722 E -31.773908265504488 uniq 127 rc 341730 local 2459 neval 22642116 sec 230.23554730415344
PROG 45 beta 0.7714184274704031 tau 0.015039069008617968 E -31.970464740807987 uniq 128 rc 379427 local 2732 neval 25122998 sec 255.5900342464447
PROG 50 beta 0.8634575630626316 tau 0.02066797006226185 E -31.904240798435655 uniq 128 rc 422692 local 3045 neval 27972909 sec 284.4951663017273
PROG 55 beta 0.9651459709404294 tau 0.019926703761356995 E -31.889951634287947 uniq 128 rc 469781 local 3385 neval 31080422 sec 315.666490316391
PROG 60 beta 1.0702819756735815 tau 0.022502776757400714 E -31.91103462951051 uniq 128 rc 518245 local 3735 neval 34278460 sec 347.5492434501648
PROG 65 beta 1.1507206256543274 tau 0.021071784771176678 E -31.886614248922918 uniq 128 rc 556181 local 4009 neval 36780943 sec 373.7732892036438
RESULT Emean -31.887015719100066 tail -31.887978168539156 naiveSE 0.009329374881145125 nE 46 mixed 5888 unique 2840 neval 38529178 sec 391.41050481796265
SCALE_REP 128 (10501, -31.887015719100066, -31.887978168539156, 46, 5888, 2840)
PROG 1 beta 0.017158107301697218 tau 0.017158107301697218 E -31.90125908197258 uniq 127 rc 599538 local 4316 neval 39702140 sec 10.609015226364136
PROG 5 beta 0.09046360840017537 tau 0.021590311236128396 E -31.93286369390632 uniq 127 rc 630449 local 4538 neval 41753913 sec 32.35925483703613
PROG 10 beta 0.1874824259369013 tau 0.022067723276724755 E -31.92008602647126 uniq 128 rc 673330 local 4846 neval 44598593 sec 61.772674798965454
PROG 15 beta 0.2863367228145091 tau 0.022544152784257743 E -31.94032606846967 uniq 128 rc 717795 local 5167 neval 47533830 sec 93.80978512763977
PROG 20 beta 0.3875275088813532 tau 0.019706442831942235 E -31.932466209644687 uniq 128 rc 764945 local 5508 neval 50640953 sec 124.80955934524536
PROG 25 beta 0.482171589063482 tau 0.014159184274776025 E -31.94263926267865 uniq 128 rc 816936 local 5884 neval 54067688 sec 159.69525909423828
PROG 30 beta 0.5672521004208883 tau 0.020019324942292627 E -31.852130041122873 uniq 128 rc 857096 local 6174 neval 56717880 sec 187.22631311416626
PROG 35 beta 0.6728215997216465 tau 0.02152315046842843 E -31.911282489456546 uniq 128 rc 907006 local 6535 neval 60006756 sec 220.58311462402344
PROG 40 beta 0.7617998663050121 tau 0.021561455591830106 E -31.91193740516458 uniq 128 rc 946766 local 6822 neval 62631086 sec 247.9991111755371
PROG 45 beta 0.8767522374141897 tau 0.02344077259711605 E -31.875270657468725 uniq 128 rc 995615 local 7175 neval 65853153 sec 280.50628685951233
PROG 50 beta 0.9388648452583968 tau 0.021347902164614813 E -31.900374298337617 uniq 128 rc 1025840 local 7394 neval 67841668 sec 303.4876239299774
PROG 55 beta 1.0360177261397563 tau 0.01701075044094933 E -31.93434822720549 uniq 128 rc 1071025 local 7721 neval 70817788 sec 332.88302421569824
PROG 60 beta 1.1301507336970358 tau 0.02147578546369187 E -31.931880751104234 uniq 128 rc 1114570 local 8035 neval 73694793 sec 361.36055874824524
PROG 65 beta 1.2130664644457199 tau 0.02082540672979126 E -31.911475320350437 uniq 128 rc 1151950 local 8305 neval 76160934 sec 388.47985792160034
RESULT Emean -31.883832500002562 tail -31.917371396669054 naiveSE 0.012427468669730874 nE 45 mixed 5760 unique 2796 neval 76160934 sec 388.4803829193115
SCALE_REP 128 (10502, -31.883832500002562, -31.917371396669054, 45, 5760, 2796)
SCALE_G_REP 128 0 counts [1787.0, 1500.0, 1257.0, 1344.0] g [0.20594036247349046, 0.025878220193384885, -0.13992589320997162, -0.0916556160710017]
SCALE_G_REP 128 1 counts [1541.0, 1443.0, 1372.0, 1404.0] g [0.07177717790931953, 0.0010493970937396698, -0.03851877912239326, -0.03409760255783587]
SCALE_SUMMARY 128 g_combined [0.14059277629401276, 0.012627841129205876, -0.08930914480654009, -0.06367384713127924] dg [0.13416318456417092, 0.024828823099645216, -0.10140711408757835, -0.05755801351316583] sigma_pair [0.09486769759090759, 0.017556629182640324, 0.07170565803188453, 0.04069966166678649] rms_all 0.06345525811158814 rms_bins123 0.04867031635344482 rms_sqrtM 0.5506417717762456 Emeans [-31.887015719100066, -31.883832500002562] Ediff -0.0031832190975045194
