host=th-cl-262h02n2.hpc.physik.uni-muenchen.de cpus=32
Model name:                              Intel(R) Xeon(R) Platinum 8358 CPU @ 2.60GHz
group 288 (x2 flip) dim=15804956 build 85.5s
max_buffer_size 288
ls matvec 334.1s  <x|H|x>=-0.7745
batched_apply 100000 states: 1.91s  index 0.51s  nnz/row 63.2  imag max 0.0
threaded 1280000 states: 25.64s -> est full CSR 5.3 min, nnz est 9.993e+08
	Command being timed: "ls_env/bin/python bench_6x6.py"
	User time (seconds): 12627.83
	System time (seconds): 6.07
	Percent of CPU this job got: 2814%
	Elapsed (wall clock) time (h:mm:ss or m:ss): 7:28.86
	Average shared text size (kbytes): 0
	Average unshared data size (kbytes): 0
	Average stack size (kbytes): 0
	Average total size (kbytes): 0
	Maximum resident set size (kbytes): 10142704
	Average resident set size (kbytes): 0
	Major (requiring I/O) page faults: 318
	Minor (reclaiming a frame) page faults: 210500
	Voluntary context switches: 10562
	Involuntary context switches: 215704
	Swaps: 0
	File system inputs: 56936
	File system outputs: 48
	Socket messages sent: 0
	Socket messages received: 0
	Signals delivered: 0
	Page size (bytes): 4096
	Exit status: 0
