[k00_A1_p] dim=15804956 group=288x2 basis 21.3s
[k00_A1_p] nnz=1.185e+09 csr 90.5s
[k00_A1_p] E=[-18.1371475401 -17.2450957672 -16.9817166883] E/N=-0.50380965 res=[2.3865925324031005e-14, 6.382173480366735e-14, 1.114182995055672e-12] matvecs=358 267.6s
	Command being timed: "ls_env/bin/python ed6x6_run.py run_gs 0,0,A1,1,3,save"
	User time (seconds): 10283.79
	System time (seconds): 36.51
	Percent of CPU this job got: 2693%
	Elapsed (wall clock) time (h:mm:ss or m:ss): 6:23.20
	Average shared text size (kbytes): 0
	Average unshared data size (kbytes): 0
	Average stack size (kbytes): 0
	Average total size (kbytes): 0
	Maximum resident set size (kbytes): 28022968
	Average resident set size (kbytes): 0
	Major (requiring I/O) page faults: 1233
	Minor (reclaiming a frame) page faults: 2977289
	Voluntary context switches: 151511
	Involuntary context switches: 773349
	Swaps: 0
	File system inputs: 238864
	File system outputs: 987888
	Socket messages sent: 0
	Socket messages received: 0
	Signals delivered: 0
	Page size (bytes): 4096
	Exit status: 0
